<label className="MuiFormControlLabel-root-7" onClick={[Function: onClick]}>
  <WithStyles(Radio) disabled={false} checked={false} name={[undefined]} onChange={[Function]} value="Extension des consignes de tri" inputRef={[Function: inputRef]}>
    <Radio classes={{...}} disabled={false} checked={false} name={[undefined]} onChange={[Function]} value="Extension des consignes de tri" inputRef={[Function: inputRef]} color="secondary">
      <WithStyles(SwitchBase) type="radio" icon={{...}} checkedIcon={{...}} classes={{...}} disabled={false} checked={false} name={[undefined]} onChange={[Function]} value="Extension des consignes de tri" inputRef={[Function: inputRef]}>
        <SwitchBase classes={{...}} type="radio" icon={{...}} checkedIcon={{...}} disabled={false} checked={false} name={[undefined]} onChange={[Function]} value="Extension des consignes de tri" inputRef={[Function: inputRef]}>
          <WithStyles(IconButton) component="span" className="MuiSwitchBase-root-15 MuiSwitchBase-default-17 MuiRadio-default-10" disabled={false} tabIndex={{...}} role={[undefined]}>
            <IconButton classes={{...}} component="span" className="MuiSwitchBase-root-15 MuiSwitchBase-default-17 MuiRadio-default-10" disabled={false} tabIndex={{...}} role={[undefined]} color="default">
              <WithStyles(ButtonBase) className="MuiIconButton-root-20 MuiSwitchBase-root-15 MuiSwitchBase-default-17 MuiRadio-default-10" centerRipple={true} focusRipple={true} disabled={false} component="span" tabIndex={{...}} role={[undefined]}>
                <ButtonBase classes={{...}} className="MuiIconButton-root-20 MuiSwitchBase-root-15 MuiSwitchBase-default-17 MuiRadio-default-10" centerRipple={true} focusRipple={true} disabled={false} component="span" tabIndex={{...}} role={[undefined]} disableRipple={false} type="button">
                  <span onBlur={[Function: handleEvent]} onFocus={[Function]} onKeyDown={[Function]} onKeyUp={[Function]} onMouseDown={[Function: handleEvent]} onMouseLeave={[Function: handleEvent]} onMouseUp={[Function: handleEvent]} onTouchEnd={[Function: handleEvent]} onTouchMove={[Function: handleEvent]} onTouchStart={[Function: handleEvent]} tabIndex={{...}} className="MuiButtonBase-root-26 MuiIconButton-root-20 MuiSwitchBase-root-15 MuiSwitchBase-default-17 MuiRadio-default-10" role={[undefined]}>
                    <span className="MuiIconButton-label-25">
                      <pure(RadioButtonUnchecked)>
                        <RadioButtonUnchecked>
                          <WithStyles(SvgIcon)>
                            <SvgIcon classes={{...}} color="inherit" viewBox="0 0 24 24">
                              <svg className="MuiSvgIcon-root-29" focusable="false" viewBox="0 0 24 24" color={[undefined]} aria-hidden="true">
                                <path d="M12 2C6.48 2 2 6.48 2 12s4.48 10 10 10 10-4.48 10-10S17.52 2 12 2zm0 18c-4.42 0-8-3.58-8-8s3.58-8 8-8 8 3.58 8 8-3.58 8-8 8z" />
                              </svg>
                            </SvgIcon>
                          </WithStyles(SvgIcon)>
                        </RadioButtonUnchecked>
                      </pure(RadioButtonUnchecked)>
                      <input id={[undefined]} type="radio" name={[undefined]} checked={false} onChange={[Function]} className="MuiSwitchBase-input-16" disabled={false} tabIndex={[undefined]} value="Extension des consignes de tri" />
                    </span>
                    <WithStyles(TouchRipple) innerRef={[Function]} center={true}>
                      <TouchRipple classes={{...}} center={true}>
                        <TransitionGroup component="span" enter={true} exit={true} className="MuiTouchRipple-root-35" childFactory={[Function: childFactory]}>
                          <span className="MuiTouchRipple-root-35" />
                        </TransitionGroup>
                      </TouchRipple>
                    </WithStyles(TouchRipple)>
                  </span>
                </ButtonBase>
              </WithStyles(ButtonBase)>
            </IconButton>
          </WithStyles(IconButton)>
        </SwitchBase>
      </WithStyles(SwitchBase)>
    </Radio>
  </WithStyles(Radio)>
  <WithStyles(Typography) component="span" className="MuiFormControlLabel-label-9">
    <Typography classes={{...}} component="span" className="MuiFormControlLabel-label-9" align="inherit" color="default" gutterBottom={false} headlineMapping={{...}} noWrap={false} paragraph={false} variant="body1">
      <span className="MuiTypography-root-42 MuiTypography-body1-51 MuiFormControlLabel-label-9">
        Extension des consignes de tri
      </span>
    </Typography>
  </WithStyles(Typography)>
</label>


<label className="MuiFormControlLabel-root-7" onClick={[Function: onClick]}>
  <WithStyles(Radio) disabled={false} checked={false} name={[undefined]} onChange={[Function]} value="Ne pas laisser couler l\'eau" inputRef={[Function: inputRef]}>
    <Radio classes={{...}} disabled={false} checked={false} name={[undefined]} onChange={[Function]} value="Ne pas laisser couler l\'eau" inputRef={[Function: inputRef]} color="secondary">
      <WithStyles(SwitchBase) type="radio" icon={{...}} checkedIcon={{...}} classes={{...}} disabled={false} checked={false} name={[undefined]} onChange={[Function]} value="Ne pas laisser couler l\'eau" inputRef={[Function: inputRef]}>
        <SwitchBase classes={{...}} type="radio" icon={{...}} checkedIcon={{...}} disabled={false} checked={false} name={[undefined]} onChange={[Function]} value="Ne pas laisser couler l\'eau" inputRef={[Function: inputRef]}>
          <WithStyles(IconButton) component="span" className="MuiSwitchBase-root-15 MuiSwitchBase-default-17 MuiRadio-default-10" disabled={false} tabIndex={{...}} role={[undefined]}>
            <IconButton classes={{...}} component="span" className="MuiSwitchBase-root-15 MuiSwitchBase-default-17 MuiRadio-default-10" disabled={false} tabIndex={{...}} role={[undefined]} color="default">
              <WithStyles(ButtonBase) className="MuiIconButton-root-20 MuiSwitchBase-root-15 MuiSwitchBase-default-17 MuiRadio-default-10" centerRipple={true} focusRipple={true} disabled={false} component="span" tabIndex={{...}} role={[undefined]}>
                <ButtonBase classes={{...}} className="MuiIconButton-root-20 MuiSwitchBase-root-15 MuiSwitchBase-default-17 MuiRadio-default-10" centerRipple={true} focusRipple={true} disabled={false} component="span" tabIndex={{...}} role={[undefined]} disableRipple={false} type="button">
                  <span onBlur={[Function: handleEvent]} onFocus={[Function]} onKeyDown={[Function]} onKeyUp={[Function]} onMouseDown={[Function: handleEvent]} onMouseLeave={[Function: handleEvent]} onMouseUp={[Function: handleEvent]} onTouchEnd={[Function: handleEvent]} onTouchMove={[Function: handleEvent]} onTouchStart={[Function: handleEvent]} tabIndex={{...}} className="MuiButtonBase-root-26 MuiIconButton-root-20 MuiSwitchBase-root-15 MuiSwitchBase-default-17 MuiRadio-default-10" role={[undefined]}>
                    <span className="MuiIconButton-label-25">
                      <pure(RadioButtonUnchecked)>
                        <RadioButtonUnchecked>
                          <WithStyles(SvgIcon)>
                            <SvgIcon classes={{...}} color="inherit" viewBox="0 0 24 24">
                              <svg className="MuiSvgIcon-root-29" focusable="false" viewBox="0 0 24 24" color={[undefined]} aria-hidden="true">
                                <path d="M12 2C6.48 2 2 6.48 2 12s4.48 10 10 10 10-4.48 10-10S17.52 2 12 2zm0 18c-4.42 0-8-3.58-8-8s3.58-8 8-8 8 3.58 8 8-3.58 8-8 8z" />
                              </svg>
                            </SvgIcon>
                          </WithStyles(SvgIcon)>
                        </RadioButtonUnchecked>
                      </pure(RadioButtonUnchecked)>
                      <input id={[undefined]} type="radio" name={[undefined]} checked={false} onChange={[Function]} className="MuiSwitchBase-input-16" disabled={false} tabIndex={[undefined]} value="Ne pas laisser couler l\'eau" />
                    </span>
                    <WithStyles(TouchRipple) innerRef={[Function]} center={true}>
                      <TouchRipple classes={{...}} center={true}>
                        <TransitionGroup component="span" enter={true} exit={true} className="MuiTouchRipple-root-35" childFactory={[Function: childFactory]}>
                          <span className="MuiTouchRipple-root-35" />
                        </TransitionGroup>
                      </TouchRipple>
                    </WithStyles(TouchRipple)>
                  </span>
                </ButtonBase>
              </WithStyles(ButtonBase)>
            </IconButton>
          </WithStyles(IconButton)>
        </SwitchBase>
      </WithStyles(SwitchBase)>
    </Radio>
  </WithStyles(Radio)>
  <WithStyles(Typography) component="span" className="MuiFormControlLabel-label-9">
    <Typography classes={{...}} component="span" className="MuiFormControlLabel-label-9" align="inherit" color="default" gutterBottom={false} headlineMapping={{...}} noWrap={false} paragraph={false} variant="body1">
      <span className="MuiTypography-root-42 MuiTypography-body1-51 MuiFormControlLabel-label-9">
        Ne pas laisser couler l&#39;eau
      </span>
    </Typography>
  </WithStyles(Typography)>
</label>